src/core/inventory/backpackService.ts(1,31): error TS2835: Relative import paths need explicit file extensions in ECMAScript imports when '--moduleResolution' is 'node16' or 'nodenext'. Did you mean './backpackTypes.js'?
src/core/inventory/inventoryService.ts(1,32): error TS2835: Relative import paths need explicit file extensions in ECMAScript imports when '--moduleResolution' is 'node16' or 'nodenext'. Did you mean './types.js'?
src/core/inventory/transfer.ts(1,32): error TS2835: Relative import paths need explicit file extensions in ECMAScript imports when '--moduleResolution' is 'node16' or 'nodenext'. Did you mean './types.js'?
src/core/inventory/transfer.ts(2,31): error TS2835: Relative import paths need explicit file extensions in ECMAScript imports when '--moduleResolution' is 'node16' or 'nodenext'. Did you mean './backpackTypes.js'?
src/core/inventory/transfer.ts(3,51): error TS2835: Relative import paths need explicit file extensions in ECMAScript imports when '--moduleResolution' is 'node16' or 'nodenext'. Did you mean './backpackService.js'?
src/core/inventory/transfer.ts(4,53): error TS2835: Relative import paths need explicit file extensions in ECMAScript imports when '--moduleResolution' is 'node16' or 'nodenext'. Did you mean './inventoryService.js'?
src/core/items/checkRequirements.ts(1,59): error TS2835: Relative import paths need explicit file extensions in ECMAScript imports when '--moduleResolution' is 'node16' or 'nodenext'. Did you mean './types.js'?
src/core/items/checkRequirements.ts(2,38): error TS2835: Relative import paths need explicit file extensions in ECMAScript imports when '--moduleResolution' is 'node16' or 'nodenext'. Did you mean './normalizeRequirement.js'?
src/core/items/consumeRequirements.ts(1,59): error TS2835: Relative import paths need explicit file extensions in ECMAScript imports when '--moduleResolution' is 'node16' or 'nodenext'. Did you mean './types.js'?
src/core/items/consumeRequirements.ts(2,38): error TS2835: Relative import paths need explicit file extensions in ECMAScript imports when '--moduleResolution' is 'node16' or 'nodenext'. Did you mean './normalizeRequirement.js'?
src/core/items/engine.ts(1,33): error TS2835: Relative import paths need explicit file extensions in ECMAScript imports when '--moduleResolution' is 'node16' or 'nodenext'. Did you mean './normalizeAction.js'?
src/core/items/engine.ts(2,54): error TS2835: Relative import paths need explicit file extensions in ECMAScript imports when '--moduleResolution' is 'node16' or 'nodenext'. Did you mean './types.js'?
src/core/items/normalizeAction.ts(1,39): error TS2835: Relative import paths need explicit file extensions in ECMAScript imports when '--moduleResolution' is 'node16' or 'nodenext'. Did you mean './types.js'?
src/core/items/normalizeRequirement.ts(1,44): error TS2835: Relative import paths need explicit file extensions in ECMAScript imports when '--moduleResolution' is 'node16' or 'nodenext'. Did you mean './types.js'?
src/discord/commands/developer/index.ts(5,22): error TS2305: Module '"../../../database/index.js"' has no exported member 'IncomeRole'.
src/discord/commands/developer/index.ts(56,44): error TS2769: No overload matches this call.
  Overload 1 of 4, '(value: string | number | Date): Date', gave the following error.
    Argument of type 'Date | undefined' is not assignable to parameter of type 'string | number | Date'.
      Type 'undefined' is not assignable to type 'string | number | Date'.
  Overload 2 of 4, '(value: string | number): Date', gave the following error.
    Argument of type 'Date | undefined' is not assignable to parameter of type 'string | number'.
      Type 'undefined' is not assignable to type 'string | number'.
src/discord/commands/developer/index.ts(96,19): error TS6133: 'guild' is declared but its value is never read.
src/discord/commands/developer/index.ts(111,62): error TS2339: Property 'commands' does not exist on type 'Client<true>'.
src/discord/commands/economy/addmoney.ts(6,1): error TS6133: 'logger' is declared but its value is never read.
src/discord/commands/economy/addmoney.ts(37,11): error TS7030: Not all code paths return a value.
src/discord/commands/economy/addmoney.ts(61,46): error TS2345: Argument of type 'ThemedEmbed' is not assignable to parameter of type 'string | MessagePayload | InteractionReplyOptions'.
src/discord/commands/economy/addmoney.ts(81,42): error TS2345: Argument of type 'ThemedEmbed' is not assignable to parameter of type 'string | MessagePayload | InteractionReplyOptions'.
src/discord/commands/economy/daily.ts(7,1): error TS6133: 'logger' is declared but its value is never read.
src/discord/commands/economy/deposit.ts(31,78): error TS2554: Expected 2 arguments, but got 3.
src/discord/commands/economy/deposit.ts(39,77): error TS2554: Expected 2 arguments, but got 3.
src/discord/commands/economy/deposit.ts(46,80): error TS2554: Expected 2 arguments, but got 3.
src/discord/commands/economy/deposit.ts(54,84): error TS2554: Expected 2 arguments, but got 3.
src/discord/commands/economy/deposit.ts(65,12): error TS2554: Expected 2 arguments, but got 3.
src/discord/commands/economy/incomeall.ts(4,10): error TS2305: Module '"#database"' has no exported member 'IncomeRole'.
src/discord/commands/economy/incomeall.ts(32,27): error TS7006: Parameter 'a' implicitly has an 'any' type.
src/discord/commands/economy/incomeall.ts(32,30): error TS7006: Parameter 'b' implicitly has an 'any' type.
src/discord/commands/economy/incomeall.ts(43,25): error TS2322: Type 'Role | null' is not assignable to type 'Role | undefined'.
  Type 'null' is not assignable to type 'Role | undefined'.
src/discord/commands/economy/incomeall.ts(45,25): error TS2322: Type 'null' is not assignable to type 'Role | undefined'.
src/discord/commands/economy/incomeinfo.ts(4,10): error TS2305: Module '"#database"' has no exported member 'IncomeRole'.
src/discord/commands/economy/removeincome.ts(4,10): error TS2305: Module '"#database"' has no exported member 'IncomeRole'.
src/discord/commands/economy/removemoney.ts(49,46): error TS2345: Argument of type 'ThemedEmbed' is not assignable to parameter of type 'string | MessagePayload | InteractionReplyOptions'.
src/discord/commands/economy/removemoney.ts(61,17): error TS2322: Type '{ success: boolean; message: string; } | { success: boolean; message?: undefined; }' is not assignable to type '{ success: boolean; message: string; }'.
  Type '{ success: boolean; message?: undefined; }' is not assignable to type '{ success: boolean; message: string; }'.
    Types of property 'message' are incompatible.
      Type 'undefined' is not assignable to type 'string'.
src/discord/commands/economy/removemoney.ts(64,50): error TS2345: Argument of type 'ThemedEmbed' is not assignable to parameter of type 'string | MessagePayload | InteractionReplyOptions'.
src/discord/commands/economy/removemoney.ts(86,46): error TS2345: Argument of type 'ThemedEmbed' is not assignable to parameter of type 'string | MessagePayload | InteractionReplyOptions'.
src/discord/commands/economy/removemoney.ts(105,42): error TS2345: Argument of type 'ThemedEmbed' is not assignable to parameter of type 'string | MessagePayload | InteractionReplyOptions'.
src/discord/commands/economy/withdraw.ts(30,78): error TS2554: Expected 2 arguments, but got 3.
src/discord/commands/economy/withdraw.ts(38,81): error TS2554: Expected 2 arguments, but got 3.
src/discord/commands/economy/withdraw.ts(45,80): error TS2554: Expected 2 arguments, but got 3.
src/discord/commands/economy/withdraw.ts(53,88): error TS2554: Expected 2 arguments, but got 3.
src/discord/commands/economy/withdraw.ts(62,12): error TS2554: Expected 2 arguments, but got 3.
src/discord/commands/economy/work.ts(3,1): error TS6133: 'safeReply' is declared but its value is never read.
src/discord/commands/illegal/robobadu.ts(5,10): error TS2305: Module '"../../../database/index.js"' has no exported member 'Badulaque'.
src/discord/commands/illegal/ventamari.ts(56,58): error TS18048: 'earn' is possibly 'undefined'.
src/discord/commands/inventory/inventario.ts(9,105): error TS6133: 'client' is declared but its value is never read.
src/discord/commands/inventory/inventario.ts(80,76): error TS2339: Property 'params' does not exist on type 'ButtonInteraction<"cached">'.
src/discord/commands/inventory/item.ts(149,28): error TS2339: Property 'safeReply' does not exist on type 'typeof import("D:/Bots/NewPosibleDark/src/discord/commands/inventory/itemHandlers", { with: { "resolution-mode": "import" } })'.
src/discord/commands/inventory/itemHandlers.ts(65,43): error TS18048: 'item.price' is possibly 'undefined'.
src/discord/commands/inventory/itemHandlers.ts(70,51): error TS2339: Property 'time' does not exist on type 'IItem & { _id: ObjectId; } & { __v: number; }'.
src/discord/commands/inventory/itemHandlers.ts(70,66): error TS2339: Property 'time' does not exist on type 'IItem & { _id: ObjectId; } & { __v: number; }'.
src/discord/commands/inventory/itemHandlers.ts(337,36): error TS6133: 'guild' is declared but its value is never read.
src/discord/commands/jobs/duty.ts(5,22): error TS2305: Module '"../../../database/index.js"' has no exported member 'IncomeRole'.
src/discord/commands/jobs/duty.ts(62,51): error TS7006: Parameter 'ir' implicitly has an 'any' type.
src/discord/commands/jobs/duty.ts(71,30): error TS7006: Parameter 'a' implicitly has an 'any' type.
src/discord/commands/jobs/duty.ts(71,33): error TS7006: Parameter 'b' implicitly has an 'any' type.
src/discord/commands/jobs/duty.ts(105,57): error TS18048: 'status.lastPayment' is possibly 'undefined'.
src/discord/commands/jobs/duty.ts(140,36): error TS2769: No overload matches this call.
  Overload 1 of 4, '(value: string | number | Date): Date', gave the following error.
    Argument of type 'Date | undefined' is not assignable to parameter of type 'string | number | Date'.
      Type 'undefined' is not assignable to type 'string | number | Date'.
  Overload 2 of 4, '(value: string | number): Date', gave the following error.
    Argument of type 'Date | undefined' is not assignable to parameter of type 'string | number'.
      Type 'undefined' is not assignable to type 'string | number'.
src/discord/commands/jobs/minar.ts(36,55): error TS2345: Argument of type 'string | null' is not assignable to parameter of type 'string'.
  Type 'null' is not assignable to type 'string'.
src/discord/commands/mochila/actions/abrir.ts(2,49): error TS6133: 'saveBackpack' is declared but its value is never read.
src/discord/commands/mochila/actions/abrir.ts(5,3): error TS6133: 'InteractionReplyOptions' is declared but its value is never read.
src/discord/commands/mochila/actions/abrir.ts(10,3): error TS6133: 'ComponentType' is declared but its value is never read.
src/discord/commands/mochila/actions/add.ts(1,10): error TS6133: 'findAccessibleBackpack' is declared but its value is never read.
src/discord/commands/mochila/actions/add.ts(64,54): error TS2339: Property 'name' does not exist on type 'Document<unknown, {}, IItem, {}, DefaultSchemaOptions> & IItem & { _id: ObjectId; } & { __v: number; }'.
src/discord/commands/mochila/actions/add.ts(72,39): error TS2339: Property 'name' does not exist on type 'Document<unknown, {}, IItem, {}, DefaultSchemaOptions> & IItem & { _id: ObjectId; } & { __v: number; }'.
src/discord/commands/mochila/actions/add.ts(74,39): error TS2339: Property 'name' does not exist on type 'Document<unknown, {}, IItem, {}, DefaultSchemaOptions> & IItem & { _id: ObjectId; } & { __v: number; }'.
src/discord/commands/mochila/actions/add.ts(74,68): error TS2339: Property 'name' does not exist on type 'Document<unknown, {}, IItem, {}, DefaultSchemaOptions> & IItem & { _id: ObjectId; } & { __v: number; }'.
src/discord/commands/mochila/actions/add.ts(81,96): error TS2339: Property 'name' does not exist on type 'Document<unknown, {}, IItem, {}, DefaultSchemaOptions> & IItem & { _id: ObjectId; } & { __v: number; }'.
src/discord/commands/mochila/actions/crear.ts(6,24): error TS6133: 'loadBackpack' is declared but its value is never read.
src/discord/commands/mochila/actions/renombrar.ts(1,24): error TS6133: 'saveBackpack' is declared but its value is never read.
src/discord/commands/mochila/index.ts(121,5): error TS2322: Type '({ name: string; description: string; type: ApplicationCommandOptionType; required: boolean; choices: { name: string; value: string; }[]; minValue?: undefined; } | { ...; } | { ...; })[] | ... 6 more ... | ({ ...; } | { ...; })[]' is not assignable to type 'SlashCommandPrimitiveOptionData<false>[] | undefined'.
  Type '({ name: string; description: string; type: ApplicationCommandOptionType; required: boolean; choices: { name: string; value: string; }[]; minValue?: undefined; } | { ...; } | { ...; })[]' is not assignable to type 'SlashCommandPrimitiveOptionData<false>[]'.
    Type '{ name: string; description: string; type: ApplicationCommandOptionType; required: boolean; choices: { name: string; value: string; }[]; minValue?: undefined; } | { ...; } | { ...; }' is not assignable to type 'SlashCommandPrimitiveOptionData<false>'.
      Type '{ name: string; description: string; type: ApplicationCommandOptionType; required: boolean; choices: { name: string; value: string; }[]; minValue?: undefined; }' is not assignable to type 'SlashCommandPrimitiveOptionData<false>'.
        Type '{ name: string; description: string; type: ApplicationCommandOptionType; required: boolean; choices: { name: string; value: string; }[]; minValue?: undefined; }' is not assignable to type 'NumberOptionData<false>'.
          Types of property 'type' are incompatible.
            Type 'ApplicationCommandOptionType' is not assignable to type 'ApplicationCommandOptionType.Integer | ApplicationCommandOptionType.Number'.
src/items/cache.ts(2,1): error TS6133: 'logger' is declared but its value is never read.
src/items/cache.ts(5,5): error TS6133: 'loaded' is declared but its value is never read.
src/schedulers/salaryScheduler.ts(2,22): error TS2305: Module '"#database"' has no exported member 'IncomeRole'.
src/scripts/seed_db.ts(97,27): error TS2769: No overload matches this call.
  Overload 1 of 5, '(docs: { userId?: StringQueryTypeCasting | undefined; targetId?: StringQueryTypeCasting | undefined; guildId?: StringQueryTypeCasting | undefined; ... 6 more ...; _id?: ObjectIdQueryTypeCasting | undefined; }[], options?: CreateOptions | undefined): Promise<...>', gave the following error.
    Object literal may only specify known properties, and 'userId' does not exist in type '{ userId?: StringQueryTypeCasting | undefined; targetId?: StringQueryTypeCasting | undefined; guildId?: StringQueryTypeCasting | undefined; ... 6 more ...; _id?: ObjectIdQueryTypeCasting | undefined; }[]'.
  Overload 2 of 5, '(doc: { userId?: StringQueryTypeCasting | undefined; targetId?: StringQueryTypeCasting | undefined; guildId?: StringQueryTypeCasting | undefined; ... 6 more ...; _id?: ObjectIdQueryTypeCasting | undefined; }): Promise<...>', gave the following error.
    Object literal may only specify known properties, and 'reason' does not exist in type '{ userId?: StringQueryTypeCasting | undefined; targetId?: StringQueryTypeCasting | undefined; guildId?: StringQueryTypeCasting | undefined; ... 6 more ...; _id?: ObjectIdQueryTypeCasting | undefined; }'.
  Overload 3 of 5, '(...docs: { userId?: StringQueryTypeCasting | undefined; targetId?: StringQueryTypeCasting | undefined; guildId?: StringQueryTypeCasting | undefined; ... 6 more ...; _id?: ObjectIdQueryTypeCasting | undefined; }[]): Promise<...>', gave the following error.
    Object literal may only specify known properties, and 'reason' does not exist in type '{ userId?: StringQueryTypeCasting | undefined; targetId?: StringQueryTypeCasting | undefined; guildId?: StringQueryTypeCasting | undefined; ... 6 more ...; _id?: ObjectIdQueryTypeCasting | undefined; }'.
src/server/index.ts(19,14): error TS2769: No overload matches this call.
  Overload 1 of 3, '(plugin: FastifyPluginCallback<{ cors: { origin: string; }; }, RawServerDefault, FastifyTypeProvider, FastifyBaseLogger>, opts?: FastifyRegisterOptions<...> | undefined): FastifyInstance<...> & ... 1 more ... & { ...; }', gave the following error.
    Argument of type 'typeof import("D:/Bots/NewPosibleDark/node_modules/fastify-socket.io/dist/index")' is not assignable to parameter of type 'FastifyPluginCallback<{ cors: { origin: string; }; }, RawServerDefault, FastifyTypeProvider, FastifyBaseLogger>'.
      Type 'typeof import("D:/Bots/NewPosibleDark/node_modules/fastify-socket.io/dist/index")' provides no match for the signature '(instance: FastifyInstance<RawServerDefault, IncomingMessage, ServerResponse<IncomingMessage>, FastifyBaseLogger, FastifyTypeProvider>, opts: { ...; }, done: (err?: Error | undefined) => void): void'.
  Overload 2 of 3, '(plugin: FastifyPluginAsync<{ cors: { origin: string; }; }, RawServerDefault, FastifyTypeProvider, FastifyBaseLogger>, opts?: FastifyRegisterOptions<...> | undefined): FastifyInstance<...> & ... 1 more ... & { ...; }', gave the following error.
    Argument of type 'typeof import("D:/Bots/NewPosibleDark/node_modules/fastify-socket.io/dist/index")' is not assignable to parameter of type 'FastifyPluginAsync<{ cors: { origin: string; }; }, RawServerDefault, FastifyTypeProvider, FastifyBaseLogger>'.
      Type 'typeof import("D:/Bots/NewPosibleDark/node_modules/fastify-socket.io/dist/index")' provides no match for the signature '(instance: FastifyInstance<RawServerDefault, IncomingMessage, ServerResponse<IncomingMessage>, FastifyBaseLogger, FastifyTypeProvider>, opts: { ...; }): Promise<...>'.
  Overload 3 of 3, '(plugin: FastifyPluginCallback<{ cors: { origin: string; }; }, RawServerDefault, FastifyTypeProvider, FastifyBaseLogger> | FastifyPluginAsync<...> | Promise<...> | Promise<...>, opts?: FastifyRegisterOptions<...> | undefined): FastifyInstance<...> & ... 1 more ... & { ...; }', gave the following error.
    Argument of type 'typeof import("D:/Bots/NewPosibleDark/node_modules/fastify-socket.io/dist/index")' is not assignable to parameter of type 'FastifyPluginCallback<{ cors: { origin: string; }; }, RawServerDefault, FastifyTypeProvider, FastifyBaseLogger> | FastifyPluginAsync<...> | Promise<...> | Promise<...>'.
src/server/index.ts(35,24): error TS7030: Not all code paths return a value.
src/server/routes/economy.ts(176,34): error TS2339: Property '_id' does not exist on type 'ObjectId | IItem'.
  Property '_id' does not exist on type 'IItem'.
src/server/routes/economy.ts(177,36): error TS2339: Property 'itemName' does not exist on type 'ObjectId | IItem'.
  Property 'itemName' does not exist on type 'ObjectId'.
src/server/routes/economy.ts(178,37): error TS2339: Property 'emoji' does not exist on type 'ObjectId | IItem'.
  Property 'emoji' does not exist on type 'ObjectId'.
src/server/routes/economy.ts(180,43): error TS2339: Property 'description' does not exist on type 'ObjectId | IItem'.
  Property 'description' does not exist on type 'ObjectId'.
src/server/routes/economy.ts(181,38): error TS2339: Property 'usable' does not exist on type 'ObjectId | IItem'.
  Property 'usable' does not exist on type 'ObjectId'.
src/server/routes/economy.ts(182,39): error TS2339: Property 'actions' does not exist on type 'ObjectId | IItem'.
  Property 'actions' does not exist on type 'ObjectId'.
src/server/routes/economy.ts(183,44): error TS2339: Property 'requirements' does not exist on type 'ObjectId | IItem'.
  Property 'requirements' does not exist on type 'ObjectId'.
src/server/routes/economy.ts(187,23): error TS6133: 'orphanId' is declared but its value is never read.
src/server/routes/economy.ts(661,15): error TS6133: 'invItem' is declared but its value is never read.
src/server/routes/economy.ts(717,13): error TS2533: Object is possibly 'null' or 'undefined'.
src/server/routes/economy.ts(773,31): error TS2533: Object is possibly 'null' or 'undefined'.
src/server/routes/economy.ts(780,9): error TS2533: Object is possibly 'null' or 'undefined'.
src/server/routes/economy.ts(781,13): error TS2533: Object is possibly 'null' or 'undefined'.
src/server/routes/guilds.ts(205,60): error TS18046: 'req.params' is of type 'unknown'.
src/server/routes/index.ts(13,24): error TS6133: 'opts' is declared but its value is never read.
src/utils/safeReply.ts(7,23): error TS7030: Not all code paths return a value.
src/utils/ThemedEmbed.ts(1,24): error TS6133: 'CommandInteraction' is declared but its value is never read.
src/utils/ThemedEmbed.ts(8,17): error TS6133: 'interaction' is declared but its value is never read.
